#
# There is insufficient memory for the Java Runtime Environment to continue.
# Native memory allocation (malloc) failed to allocate 369616 bytes. Error detail: Chunk::new
# Possible reasons:
#   The system is out of physical RAM or swap space
#   This process is running with CompressedOops enabled, and the Java Heap may be blocking the growth of the native heap
# Possible solutions:
#   Reduce memory load on the system
#   Increase physical memory or swap space
#   Check if swap backing store is full
#   Decrease Java heap size (-Xmx/-Xms)
#   Decrease number of Java threads
#   Decrease Java thread stack sizes (-Xss)
#   Set larger code cache with -XX:ReservedCodeCacheSize=
#   JVM is running with Unscaled Compressed Oops mode in which the Java heap is
#     placed in the first 4GB address space. The Java Heap base address is the
#     maximum limit for the native heap growth. Please use -XX:HeapBaseMinAddress
#     to set the Java Heap base and to place the Java Heap above 4GB virtual address.
# This output file may be truncated or incomplete.
#
#  Out of Memory Error (arena.cpp:149), pid=6564, tid=7556
#
# JRE version: OpenJDK Runtime Environment (23.0.1+11) (build 23.0.1+11-39)
# Java VM: OpenJDK 64-Bit Server VM (23.0.1+11-39, mixed mode, sharing, tiered, compressed oops, compressed class ptrs, g1 gc, windows-amd64)
# No core dump will be written. Minidumps are not enabled by default on client versions of Windows
#

---------------  S U M M A R Y ------------

Command Line: --enable-preview -javaagent:C:\Program Files\JetBrains\IntelliJ IDEA Community Edition 2024.2.3\lib\idea_rt.jar=62162:C:\Program Files\JetBrains\IntelliJ IDEA Community Edition 2024.2.3\bin -Dfile.encoding=UTF-8 -Dsun.stdout.encoding=UTF-8 -Dsun.stderr.encoding=UTF-8 com.example.demo.ManartApplication

Host: Intel(R) Core(TM) i3-3110M CPU @ 2.40GHz, 4 cores, 3G,  Windows 10 , 64 bit Build 19041 (10.0.19041.5915)
Time: Sun Jun 15 13:55:16 2025 Hora est. Pacífico, Sudamérica elapsed time: 4188.665672 seconds (0d 1h 9m 48s)

---------------  T H R E A D  ---------------

Current thread (0x00000131c113c850):  JavaThread "C2 CompilerThread0" daemon [_thread_in_native, id=7556, stack(0x0000000cf5700000,0x0000000cf5800000) (1024K)]


Current CompileTask:
C2:4188683 11533       4       java.util.concurrent.ScheduledThreadPoolExecutor$DelayedWorkQueue::add (9 bytes)

Stack: [0x0000000cf5700000,0x0000000cf5800000]
Native frames: (J=compiled Java code, j=interpreted, Vv=VM code, C=native code)
V  [jvm.dll+0x6e08b9]  (no source info available)
V  [jvm.dll+0x87dc83]  (no source info available)
V  [jvm.dll+0x88010e]  (no source info available)
V  [jvm.dll+0x8807e3]  (no source info available)
V  [jvm.dll+0x27aee6]  (no source info available)
V  [jvm.dll+0xbc06f]  (no source info available)
V  [jvm.dll+0xbc2cb]  (no source info available)
V  [jvm.dll+0x3b3a62]  (no source info available)
V  [jvm.dll+0x38a42b]  (no source info available)
V  [jvm.dll+0x38989a]  (no source info available)
V  [jvm.dll+0x244aa1]  (no source info available)
V  [jvm.dll+0x243dff]  (no source info available)
V  [jvm.dll+0x1c33a0]  (no source info available)
V  [jvm.dll+0x253cf1]  (no source info available)
V  [jvm.dll+0x251faa]  (no source info available)
V  [jvm.dll+0x3ee036]  (no source info available)
V  [jvm.dll+0x824f8b]  (no source info available)
V  [jvm.dll+0x6df065]  (no source info available)
C  [ucrtbase.dll+0x21bb2]  (no source info available)
C  [KERNEL32.DLL+0x17374]  (no source info available)
C  [ntdll.dll+0x4cc91]  (no source info available)

Lock stack of current Java thread (top to bottom):


---------------  P R O C E S S  ---------------

Threads class SMR info:
_java_thread_list=0x00000131c98587c0, length=29, elements={
0x00000131c112e6e0, 0x00000131c112f600, 0x00000131c1132ba0, 0x00000131c1135610,
0x00000131c1136c20, 0x00000131c113b320, 0x00000131c113c850, 0x00000131c1140250,
0x00000131c1253fb0, 0x00000131c18bd9a0, 0x00000131c1508550, 0x00000131c7b80580,
0x00000131c7b83370, 0x00000131c8c8fef0, 0x00000131c8c8e4b0, 0x00000131c8c8eb40,
0x00000131ca0b1da0, 0x00000131ca0b1080, 0x00000131ca0b1710, 0x00000131ca0b3e70,
0x00000131ca0b4500, 0x00000131ca0b2430, 0x00000131ca0b2ac0, 0x00000131ca0b3150,
0x00000131c7bd9170, 0x00000131c7bdb8d0, 0x00000131c7bdbf60, 0x00000131c7bd8ae0,
0x00000131c7bdd9a0
}

Java Threads: ( => current thread )
  0x00000131c112e6e0 JavaThread "Reference Handler"          daemon [_thread_blocked, id=8148, stack(0x0000000cf5100000,0x0000000cf5200000) (1024K)]
  0x00000131c112f600 JavaThread "Finalizer"                  daemon [_thread_blocked, id=488, stack(0x0000000cf5200000,0x0000000cf5300000) (1024K)]
  0x00000131c1132ba0 JavaThread "Signal Dispatcher"          daemon [_thread_blocked, id=11512, stack(0x0000000cf5300000,0x0000000cf5400000) (1024K)]
  0x00000131c1135610 JavaThread "Attach Listener"            daemon [_thread_blocked, id=8616, stack(0x0000000cf5400000,0x0000000cf5500000) (1024K)]
  0x00000131c1136c20 JavaThread "Service Thread"             daemon [_thread_blocked, id=3472, stack(0x0000000cf5500000,0x0000000cf5600000) (1024K)]
  0x00000131c113b320 JavaThread "Monitor Deflation Thread"   daemon [_thread_blocked, id=6760, stack(0x0000000cf5600000,0x0000000cf5700000) (1024K)]
=>0x00000131c113c850 JavaThread "C2 CompilerThread0"         daemon [_thread_in_native, id=7556, stack(0x0000000cf5700000,0x0000000cf5800000) (1024K)]
  0x00000131c1140250 JavaThread "C1 CompilerThread0"         daemon [_thread_blocked, id=432, stack(0x0000000cf5800000,0x0000000cf5900000) (1024K)]
  0x00000131c1253fb0 JavaThread "Common-Cleaner"             daemon [_thread_blocked, id=12628, stack(0x0000000cf5900000,0x0000000cf5a00000) (1024K)]
  0x00000131c18bd9a0 JavaThread "Monitor Ctrl-Break"         daemon [_thread_in_native, id=12544, stack(0x0000000cf5b00000,0x0000000cf5c00000) (1024K)]
  0x00000131c1508550 JavaThread "Notification Thread"        daemon [_thread_blocked, id=11932, stack(0x0000000cf5c00000,0x0000000cf5d00000) (1024K)]
  0x00000131c7b80580 JavaThread "mysql-cj-abandoned-connection-cleanup" daemon [_thread_blocked, id=2160, stack(0x0000000cf6000000,0x0000000cf6100000) (1024K)]
  0x00000131c7b83370 JavaThread "HikariPool-1 housekeeper"   daemon [_thread_blocked, id=1308, stack(0x0000000cf6200000,0x0000000cf6300000) (1024K)]
  0x00000131c8c8fef0 JavaThread "Catalina-utility-1"                [_thread_blocked, id=5548, stack(0x0000000cf5a00000,0x0000000cf5b00000) (1024K)]
  0x00000131c8c8e4b0 JavaThread "Catalina-utility-2"                [_thread_blocked, id=6704, stack(0x0000000cf6400000,0x0000000cf6500000) (1024K)]
  0x00000131c8c8eb40 JavaThread "container-0"                       [_thread_blocked, id=9880, stack(0x0000000cf6500000,0x0000000cf6600000) (1024K)]
  0x00000131ca0b1da0 JavaThread "http-nio-8080-exec-1"       daemon [_thread_blocked, id=5624, stack(0x0000000cf6600000,0x0000000cf6700000) (1024K)]
  0x00000131ca0b1080 JavaThread "http-nio-8080-exec-2"       daemon [_thread_blocked, id=13520, stack(0x0000000cf6700000,0x0000000cf6800000) (1024K)]
  0x00000131ca0b1710 JavaThread "http-nio-8080-exec-3"       daemon [_thread_blocked, id=1156, stack(0x0000000cf6800000,0x0000000cf6900000) (1024K)]
  0x00000131ca0b3e70 JavaThread "http-nio-8080-exec-4"       daemon [_thread_blocked, id=6444, stack(0x0000000cf6900000,0x0000000cf6a00000) (1024K)]
  0x00000131ca0b4500 JavaThread "http-nio-8080-exec-5"       daemon [_thread_blocked, id=4888, stack(0x0000000cf6a00000,0x0000000cf6b00000) (1024K)]
  0x00000131ca0b2430 JavaThread "http-nio-8080-exec-6"       daemon [_thread_blocked, id=6252, stack(0x0000000cf6b00000,0x0000000cf6c00000) (1024K)]
  0x00000131ca0b2ac0 JavaThread "http-nio-8080-exec-7"       daemon [_thread_blocked, id=6376, stack(0x0000000cf6c00000,0x0000000cf6d00000) (1024K)]
  0x00000131ca0b3150 JavaThread "http-nio-8080-exec-8"       daemon [_thread_blocked, id=8104, stack(0x0000000cf6d00000,0x0000000cf6e00000) (1024K)]
  0x00000131c7bd9170 JavaThread "http-nio-8080-exec-9"       daemon [_thread_blocked, id=13836, stack(0x0000000cf6e00000,0x0000000cf6f00000) (1024K)]
  0x00000131c7bdb8d0 JavaThread "http-nio-8080-exec-10"      daemon [_thread_blocked, id=2196, stack(0x0000000cf6f00000,0x0000000cf7000000) (1024K)]
  0x00000131c7bdbf60 JavaThread "http-nio-8080-Poller"       daemon [_thread_in_native, id=6304, stack(0x0000000cf7000000,0x0000000cf7100000) (1024K)]
  0x00000131c7bd8ae0 JavaThread "http-nio-8080-Acceptor"     daemon [_thread_in_native, id=6104, stack(0x0000000cf7100000,0x0000000cf7200000) (1024K)]
  0x00000131c7bdd9a0 JavaThread "DestroyJavaVM"                     [_thread_blocked, id=12808, stack(0x0000000cf4900000,0x0000000cf4a00000) (1024K)]
Total: 29

Other Threads:
  0x00000131dcc36e30 VMThread "VM Thread"                           [id=10376, stack(0x0000000cf5000000,0x0000000cf5100000) (1024K)]
  0x00000131c111ca10 WatcherThread "VM Periodic Task Thread"        [id=7156, stack(0x0000000cf4f00000,0x0000000cf5000000) (1024K)]
  0x00000131dcbbda50 WorkerThread "GC Thread#0"                     [id=10832, stack(0x0000000cf4a00000,0x0000000cf4b00000) (1024K)]
  0x00000131c1be0740 WorkerThread "GC Thread#1"                     [id=1028, stack(0x0000000cf5d00000,0x0000000cf5e00000) (1024K)]
  0x00000131c1b5df20 WorkerThread "GC Thread#2"                     [id=1536, stack(0x0000000cf5e00000,0x0000000cf5f00000) (1024K)]
  0x00000131c1b5e2d0 WorkerThread "GC Thread#3"                     [id=13864, stack(0x0000000cf5f00000,0x0000000cf6000000) (1024K)]
  0x00000131dcbc69f0 ConcurrentGCThread "G1 Main Marker"            [id=8036, stack(0x0000000cf4b00000,0x0000000cf4c00000) (1024K)]
  0x00000131dcbc7bb0 WorkerThread "G1 Conc#0"                       [id=13648, stack(0x0000000cf4c00000,0x0000000cf4d00000) (1024K)]
  0x00000131dcc05cc0 ConcurrentGCThread "G1 Refine#0"               [id=12900, stack(0x0000000cf4d00000,0x0000000cf4e00000) (1024K)]
  0x00000131dcc07b60 ConcurrentGCThread "G1 Service"                [id=11744, stack(0x0000000cf4e00000,0x0000000cf4f00000) (1024K)]
Total: 10

Threads with active compile tasks:
C2 CompilerThread0  4189706 11533       4       java.util.concurrent.ScheduledThreadPoolExecutor$DelayedWorkQueue::add (9 bytes)
Total: 1

VM state: not at safepoint (normal execution)

VM Mutex/Monitor currently owned by a thread: None

Heap address: 0x00000000cd600000, size: 810 MB, Compressed Oops mode: 32-bit

CDS archive(s) mapped at: [0x0000013180000000-0x0000013180d70000-0x0000013180d70000), size 14090240, SharedBaseAddress: 0x0000013180000000, ArchiveRelocationMode: 1.
Compressed class space mapped at: 0x0000013181000000-0x00000131c1000000, reserved size: 1073741824
Narrow klass base: 0x0000013180000000, Narrow klass shift: 0, Narrow klass range: 0x41000000

GC Precious Log:
 CardTable entry size: 512
 Card Set container configuration: InlinePtr #cards 5 size 8 Array Of Cards #cards 10 size 36 Howl #buckets 4 coarsen threshold 1843 Howl Bitmap #cards 512 size 80 coarsen threshold 460 Card regions per heap region 1 cards per card region 2048
 CPUs: 4 total, 4 available
 Memory: 3238M
 Large Page Support: Disabled
 NUMA Support: Disabled
 Compressed Oops: Enabled (32-bit)
 Heap Region Size: 1M
 Heap Min Capacity: 8M
 Heap Initial Capacity: 52M
 Heap Max Capacity: 810M
 Pre-touch: Disabled
 Parallel Workers: 4
 Concurrent Workers: 1
 Concurrent Refinement Workers: 4
 Periodic GC: Disabled

Heap:
 garbage-first heap   total reserved 829440K, committed 86016K, used 61335K [0x00000000cd600000, 0x0000000100000000)
  region size 1024K, 17 young (17408K), 4 survivors (4096K)
 Metaspace       used 91325K, committed 92160K, reserved 1179648K
  class space    used 12676K, committed 13056K, reserved 1048576K

Heap Regions: E=young(eden), S=young(survivor), O=old, HS=humongous(starts), HC=humongous(continues), CS=collection set, F=free, TAMS=top-at-mark-start, PB=parsable bottom
|   0|0x00000000cd600000, 0x00000000cd700000, 0x00000000cd700000|100%|HS|  |TAMS 0x00000000cd600000| PB 0x00000000cd600000| Complete |  0
|   1|0x00000000cd700000, 0x00000000cd800000, 0x00000000cd800000|100%| O|  |TAMS 0x00000000cd700000| PB 0x00000000cd700000| Untracked |  0
|   2|0x00000000cd800000, 0x00000000cd900000, 0x00000000cd900000|100%| O|  |TAMS 0x00000000cd800000| PB 0x00000000cd800000| Untracked |  0
|   3|0x00000000cd900000, 0x00000000cda00000, 0x00000000cda00000|100%| O|  |TAMS 0x00000000cd900000| PB 0x00000000cd900000| Untracked |  0
|   4|0x00000000cda00000, 0x00000000cdb00000, 0x00000000cdb00000|100%| O|  |TAMS 0x00000000cda00000| PB 0x00000000cda00000| Untracked |  0
|   5|0x00000000cdb00000, 0x00000000cdc00000, 0x00000000cdc00000|100%| O|  |TAMS 0x00000000cdb00000| PB 0x00000000cdb00000| Untracked |  0
|   6|0x00000000cdc00000, 0x00000000cdd00000, 0x00000000cdd00000|100%| O|  |TAMS 0x00000000cdc00000| PB 0x00000000cdc00000| Untracked |  0
|   7|0x00000000cdd00000, 0x00000000cde00000, 0x00000000cde00000|100%| O|  |TAMS 0x00000000cdd00000| PB 0x00000000cdd00000| Untracked |  0
|   8|0x00000000cde00000, 0x00000000cdf00000, 0x00000000cdf00000|100%| O|  |TAMS 0x00000000cde00000| PB 0x00000000cde00000| Untracked |  0
|   9|0x00000000cdf00000, 0x00000000ce000000, 0x00000000ce000000|100%| O|  |TAMS 0x00000000cdf00000| PB 0x00000000cdf00000| Untracked |  0
|  10|0x00000000ce000000, 0x00000000ce100000, 0x00000000ce100000|100%| O|  |TAMS 0x00000000ce000000| PB 0x00000000ce000000| Untracked |  0
|  11|0x00000000ce100000, 0x00000000ce200000, 0x00000000ce200000|100%| O|  |TAMS 0x00000000ce100000| PB 0x00000000ce100000| Untracked |  0
|  12|0x00000000ce200000, 0x00000000ce300000, 0x00000000ce300000|100%| O|  |TAMS 0x00000000ce200000| PB 0x00000000ce200000| Untracked |  0
|  13|0x00000000ce300000, 0x00000000ce400000, 0x00000000ce400000|100%| O|  |TAMS 0x00000000ce300000| PB 0x00000000ce300000| Untracked |  0
|  14|0x00000000ce400000, 0x00000000ce500000, 0x00000000ce500000|100%| O|  |TAMS 0x00000000ce400000| PB 0x00000000ce400000| Untracked |  0
|  15|0x00000000ce500000, 0x00000000ce600000, 0x00000000ce600000|100%| O|  |TAMS 0x00000000ce500000| PB 0x00000000ce500000| Untracked |  0
|  16|0x00000000ce600000, 0x00000000ce700000, 0x00000000ce700000|100%| O|  |TAMS 0x00000000ce600000| PB 0x00000000ce600000| Untracked |  0
|  17|0x00000000ce700000, 0x00000000ce800000, 0x00000000ce800000|100%| O|  |TAMS 0x00000000ce700000| PB 0x00000000ce700000| Untracked |  0
|  18|0x00000000ce800000, 0x00000000ce900000, 0x00000000ce900000|100%| O|  |TAMS 0x00000000ce800000| PB 0x00000000ce800000| Untracked |  0
|  19|0x00000000ce900000, 0x00000000ce900000, 0x00000000cea00000|  0%| F|  |TAMS 0x00000000ce900000| PB 0x00000000ce900000| Untracked |  0
|  20|0x00000000cea00000, 0x00000000ceb00000, 0x00000000ceb00000|100%| O|  |TAMS 0x00000000cea00000| PB 0x00000000cea00000| Untracked |  0
|  21|0x00000000ceb00000, 0x00000000cec00000, 0x00000000cec00000|100%| O|  |TAMS 0x00000000ceb00000| PB 0x00000000ceb00000| Untracked |  0
|  22|0x00000000cec00000, 0x00000000ced00000, 0x00000000ced00000|100%| O|  |TAMS 0x00000000cec00000| PB 0x00000000cec00000| Untracked |  0
|  23|0x00000000ced00000, 0x00000000cee00000, 0x00000000cee00000|100%| O|  |TAMS 0x00000000ced00000| PB 0x00000000ced00000| Untracked |  0
|  24|0x00000000cee00000, 0x00000000cef00000, 0x00000000cef00000|100%| O|  |TAMS 0x00000000cee00000| PB 0x00000000cee00000| Untracked |  0
|  25|0x00000000cef00000, 0x00000000cf000000, 0x00000000cf000000|100%| O|  |TAMS 0x00000000cef00000| PB 0x00000000cef00000| Untracked |  0
|  26|0x00000000cf000000, 0x00000000cf100000, 0x00000000cf100000|100%| O|  |TAMS 0x00000000cf000000| PB 0x00000000cf000000| Untracked |  0
|  27|0x00000000cf100000, 0x00000000cf100000, 0x00000000cf200000|  0%| F|  |TAMS 0x00000000cf100000| PB 0x00000000cf100000| Untracked |  0
|  28|0x00000000cf200000, 0x00000000cf300000, 0x00000000cf300000|100%| O|  |TAMS 0x00000000cf200000| PB 0x00000000cf200000| Untracked |  0
|  29|0x00000000cf300000, 0x00000000cf400000, 0x00000000cf400000|100%| O|  |TAMS 0x00000000cf300000| PB 0x00000000cf300000| Untracked |  0
|  30|0x00000000cf400000, 0x00000000cf500000, 0x00000000cf500000|100%| O|  |TAMS 0x00000000cf400000| PB 0x00000000cf400000| Untracked |  0
|  31|0x00000000cf500000, 0x00000000cf600000, 0x00000000cf600000|100%| O|  |TAMS 0x00000000cf500000| PB 0x00000000cf500000| Untracked |  0
|  32|0x00000000cf600000, 0x00000000cf700000, 0x00000000cf700000|100%| O|  |TAMS 0x00000000cf600000| PB 0x00000000cf600000| Untracked |  0
|  33|0x00000000cf700000, 0x00000000cf800000, 0x00000000cf800000|100%| O|  |TAMS 0x00000000cf700000| PB 0x00000000cf700000| Untracked |  0
|  34|0x00000000cf800000, 0x00000000cf800000, 0x00000000cf900000|  0%| F|  |TAMS 0x00000000cf800000| PB 0x00000000cf800000| Untracked |  0
|  35|0x00000000cf900000, 0x00000000cfa00000, 0x00000000cfa00000|100%| O|  |TAMS 0x00000000cf900000| PB 0x00000000cf900000| Untracked |  0
|  36|0x00000000cfa00000, 0x00000000cfb00000, 0x00000000cfb00000|100%| O|  |TAMS 0x00000000cfa00000| PB 0x00000000cfa00000| Untracked |  0
|  37|0x00000000cfb00000, 0x00000000cfb00000, 0x00000000cfc00000|  0%| F|  |TAMS 0x00000000cfb00000| PB 0x00000000cfb00000| Untracked |  0
|  38|0x00000000cfc00000, 0x00000000cfd00000, 0x00000000cfd00000|100%| O|  |TAMS 0x00000000cfc00000| PB 0x00000000cfc00000| Untracked |  0
|  39|0x00000000cfd00000, 0x00000000cfe00000, 0x00000000cfe00000|100%| O|  |TAMS 0x00000000cfd00000| PB 0x00000000cfd00000| Untracked |  0
|  40|0x00000000cfe00000, 0x00000000cfe00000, 0x00000000cff00000|  0%| F|  |TAMS 0x00000000cfe00000| PB 0x00000000cfe00000| Untracked |  0
|  41|0x00000000cff00000, 0x00000000d0000000, 0x00000000d0000000|100%| O|  |TAMS 0x00000000cff00000| PB 0x00000000cff00000| Untracked |  0
|  42|0x00000000d0000000, 0x00000000d0100000, 0x00000000d0100000|100%| O|  |TAMS 0x00000000d0000000| PB 0x00000000d0000000| Untracked |  0
|  43|0x00000000d0100000, 0x00000000d0200000, 0x00000000d0200000|100%| O|  |TAMS 0x00000000d0100000| PB 0x00000000d0100000| Untracked |  0
|  44|0x00000000d0200000, 0x00000000d0300000, 0x00000000d0300000|100%| O|  |TAMS 0x00000000d0200000| PB 0x00000000d0200000| Untracked |  0
|  45|0x00000000d0300000, 0x00000000d0400000, 0x00000000d0400000|100%| O|  |TAMS 0x00000000d0300000| PB 0x00000000d0300000| Untracked |  0
|  46|0x00000000d0400000, 0x00000000d0500000, 0x00000000d0500000|100%| O|  |TAMS 0x00000000d0400000| PB 0x00000000d0400000| Untracked |  0
|  47|0x00000000d0500000, 0x00000000d0600000, 0x00000000d0600000|100%| O|  |TAMS 0x00000000d0500000| PB 0x00000000d0500000| Untracked |  0
|  48|0x00000000d0600000, 0x00000000d0700000, 0x00000000d0700000|100%| O|  |TAMS 0x00000000d0600000| PB 0x00000000d0600000| Untracked |  0
|  49|0x00000000d0700000, 0x00000000d07e5cc0, 0x00000000d0800000| 89%| O|  |TAMS 0x00000000d0700000| PB 0x00000000d0700000| Untracked |  0
|  50|0x00000000d0800000, 0x00000000d0800000, 0x00000000d0900000|  0%| F|  |TAMS 0x00000000d0800000| PB 0x00000000d0800000| Untracked |  0
|  51|0x00000000d0900000, 0x00000000d0900000, 0x00000000d0a00000|  0%| F|  |TAMS 0x00000000d0900000| PB 0x00000000d0900000| Untracked |  0
|  52|0x00000000d0a00000, 0x00000000d0a00000, 0x00000000d0b00000|  0%| F|  |TAMS 0x00000000d0a00000| PB 0x00000000d0a00000| Untracked |  0
|  53|0x00000000d0b00000, 0x00000000d0c00000, 0x00000000d0c00000|100%| S|CS|TAMS 0x00000000d0b00000| PB 0x00000000d0b00000| Complete |  0
|  54|0x00000000d0c00000, 0x00000000d0d00000, 0x00000000d0d00000|100%| S|CS|TAMS 0x00000000d0c00000| PB 0x00000000d0c00000| Complete |  0
|  55|0x00000000d0d00000, 0x00000000d0e00000, 0x00000000d0e00000|100%| S|CS|TAMS 0x00000000d0d00000| PB 0x00000000d0d00000| Complete |  0
|  56|0x00000000d0e00000, 0x00000000d0f00000, 0x00000000d0f00000|100%| S|CS|TAMS 0x00000000d0e00000| PB 0x00000000d0e00000| Complete |  0
|  57|0x00000000d0f00000, 0x00000000d0f00000, 0x00000000d1000000|  0%| F|  |TAMS 0x00000000d0f00000| PB 0x00000000d0f00000| Untracked |  0
|  58|0x00000000d1000000, 0x00000000d1000000, 0x00000000d1100000|  0%| F|  |TAMS 0x00000000d1000000| PB 0x00000000d1000000| Untracked |  0
|  59|0x00000000d1100000, 0x00000000d1100000, 0x00000000d1200000|  0%| F|  |TAMS 0x00000000d1100000| PB 0x00000000d1100000| Untracked |  0
|  60|0x00000000d1200000, 0x00000000d1200000, 0x00000000d1300000|  0%| F|  |TAMS 0x00000000d1200000| PB 0x00000000d1200000| Untracked |  0
|  61|0x00000000d1300000, 0x00000000d1300000, 0x00000000d1400000|  0%| F|  |TAMS 0x00000000d1300000| PB 0x00000000d1300000| Untracked |  0
|  62|0x00000000d1400000, 0x00000000d1400000, 0x00000000d1500000|  0%| F|  |TAMS 0x00000000d1400000| PB 0x00000000d1400000| Untracked |  0
|  63|0x00000000d1500000, 0x00000000d1500000, 0x00000000d1600000|  0%| F|  |TAMS 0x00000000d1500000| PB 0x00000000d1500000| Untracked |  0
|  64|0x00000000d1600000, 0x00000000d1600000, 0x00000000d1700000|  0%| F|  |TAMS 0x00000000d1600000| PB 0x00000000d1600000| Untracked |  0
|  65|0x00000000d1700000, 0x00000000d1700000, 0x00000000d1800000|  0%| F|  |TAMS 0x00000000d1700000| PB 0x00000000d1700000| Untracked |  0
|  66|0x00000000d1800000, 0x00000000d1800000, 0x00000000d1900000|  0%| F|  |TAMS 0x00000000d1800000| PB 0x00000000d1800000| Untracked |  0
|  67|0x00000000d1900000, 0x00000000d1900000, 0x00000000d1a00000|  0%| F|  |TAMS 0x00000000d1900000| PB 0x00000000d1900000| Untracked |  0
|  68|0x00000000d1a00000, 0x00000000d1a00000, 0x00000000d1b00000|  0%| F|  |TAMS 0x00000000d1a00000| PB 0x00000000d1a00000| Untracked |  0
|  69|0x00000000d1b00000, 0x00000000d1b00000, 0x00000000d1c00000|  0%| F|  |TAMS 0x00000000d1b00000| PB 0x00000000d1b00000| Untracked |  0
|  70|0x00000000d1c00000, 0x00000000d1c00000, 0x00000000d1d00000|  0%| F|  |TAMS 0x00000000d1c00000| PB 0x00000000d1c00000| Untracked |  0
|  71|0x00000000d1d00000, 0x00000000d1dd5648, 0x00000000d1e00000| 83%| E|  |TAMS 0x00000000d1d00000| PB 0x00000000d1d00000| Complete |  0
|  72|0x00000000d1e00000, 0x00000000d1f00000, 0x00000000d1f00000|100%| E|CS|TAMS 0x00000000d1e00000| PB 0x00000000d1e00000| Complete |  0
|  73|0x00000000d1f00000, 0x00000000d2000000, 0x00000000d2000000|100%| E|  |TAMS 0x00000000d1f00000| PB 0x00000000d1f00000| Complete |  0
|  74|0x00000000d2000000, 0x00000000d2100000, 0x00000000d2100000|100%| E|CS|TAMS 0x00000000d2000000| PB 0x00000000d2000000| Complete |  0
|  75|0x00000000d2100000, 0x00000000d2200000, 0x00000000d2200000|100%| E|CS|TAMS 0x00000000d2100000| PB 0x00000000d2100000| Complete |  0
|  76|0x00000000d2200000, 0x00000000d2300000, 0x00000000d2300000|100%| E|CS|TAMS 0x00000000d2200000| PB 0x00000000d2200000| Complete |  0
|  77|0x00000000d2300000, 0x00000000d2400000, 0x00000000d2400000|100%| E|CS|TAMS 0x00000000d2300000| PB 0x00000000d2300000| Complete |  0
|  78|0x00000000d2400000, 0x00000000d2500000, 0x00000000d2500000|100%| E|CS|TAMS 0x00000000d2400000| PB 0x00000000d2400000| Complete |  0
|  79|0x00000000d2500000, 0x00000000d2600000, 0x00000000d2600000|100%| E|CS|TAMS 0x00000000d2500000| PB 0x00000000d2500000| Complete |  0
|  80|0x00000000d2600000, 0x00000000d2700000, 0x00000000d2700000|100%| E|CS|TAMS 0x00000000d2600000| PB 0x00000000d2600000| Complete |  0
|  81|0x00000000d2700000, 0x00000000d2800000, 0x00000000d2800000|100%| E|CS|TAMS 0x00000000d2700000| PB 0x00000000d2700000| Complete |  0
|  82|0x00000000d2800000, 0x00000000d2900000, 0x00000000d2900000|100%| E|CS|TAMS 0x00000000d2800000| PB 0x00000000d2800000| Complete |  0
|  83|0x00000000d2900000, 0x00000000d2a00000, 0x00000000d2a00000|100%| E|CS|TAMS 0x00000000d2900000| PB 0x00000000d2900000| Complete |  0

Card table byte_map: [0x00000131f4450000,0x00000131f45f0000] _byte_map_base: 0x00000131f3de5000

Marking Bits: (CMBitMap*) 0x00000131dcbbe070
 Bits: [0x00000131f45f0000, 0x00000131f5298000)

Polling page: 0x00000131dab40000

Metaspace:

Usage:
  Non-class:     76.81 MB used.
      Class:     12.38 MB used.
       Both:     89.19 MB used.

Virtual space:
  Non-class space:      128.00 MB reserved,      77.25 MB ( 60%) committed,  2 nodes.
      Class space:        1.00 GB reserved,      12.75 MB (  1%) committed,  1 nodes.
             Both:        1.12 GB reserved,      90.00 MB (  8%) committed. 

Chunk freelists:
   Non-Class:  2.70 MB
       Class:  3.15 MB
        Both:  5.86 MB

MaxMetaspaceSize: unlimited
CompressedClassSpaceSize: 1.00 GB
Initial GC threshold: 21.00 MB
Current GC threshold: 132.19 MB
CDS: on
 - commit_granule_bytes: 65536.
 - commit_granule_words: 8192.
 - virtual_space_node_default_size: 8388608.
 - enlarge_chunks_in_place: 1.
 - use_allocation_guard: 0.


Internal statistics:

num_allocs_failed_limit: 9.
num_arena_births: 1120.
num_arena_deaths: 0.
num_vsnodes_births: 3.
num_vsnodes_deaths: 0.
num_space_committed: 1440.
num_space_uncommitted: 0.
num_chunks_returned_to_freelist: 9.
num_chunks_taken_from_freelist: 4319.
num_chunk_merges: 9.
num_chunk_splits: 3152.
num_chunks_enlarged: 2473.
num_inconsistent_stats: 0.

CodeHeap 'non-profiled nmethods': size=120064Kb used=4720Kb max_used=4720Kb free=115343Kb
 bounds [0x00000131ecd70000, 0x00000131ed210000, 0x00000131f42b0000]
CodeHeap 'profiled nmethods': size=120000Kb used=14379Kb max_used=14379Kb free=105620Kb
 bounds [0x00000131e52b0000, 0x00000131e60c0000, 0x00000131ec7e0000]
CodeHeap 'non-nmethods': size=5696Kb used=1783Kb max_used=1829Kb free=3912Kb
 bounds [0x00000131ec7e0000, 0x00000131eca50000, 0x00000131ecd70000]
CodeCache: size=245760Kb, used=20882Kb, max_used=20928Kb, free=224875Kb
 total_blobs=10869, nmethods=10060, adapters=713, full_count=0
Compilation: enabled, stopped_count=0, restarted_count=0

Compilation events (20 events):
Event: 4008.299 Thread 0x00000131c1140250 nmethod 11522 0x00000131e60b8f08 code [0x00000131e60b9020, 0x00000131e60b9210]
Event: 4008.340 Thread 0x00000131c1140250 11523       3       org.springframework.security.web.firewall.FirewalledResponse::addHeader (13 bytes)
Event: 4008.388 Thread 0x00000131c1140250 nmethod 11523 0x00000131e60b9288 code [0x00000131e60b94e0, 0x00000131e60ba478]
Event: 4008.389 Thread 0x00000131c1140250 11525  s    3       java.lang.StringBuffer::append (13 bytes)
Event: 4008.397 Thread 0x00000131c1140250 nmethod 11525 0x00000131e60ba588 code [0x00000131e60ba6c0, 0x00000131e60ba9a0]
Event: 4013.445 Thread 0x00000131c1140250 11526       3       org.apache.coyote.AbstractProcessor::isAsync (8 bytes)
Event: 4013.451 Thread 0x00000131c1140250 nmethod 11526 0x00000131e60baa08 code [0x00000131e60bab20, 0x00000131e60bacd0]
Event: 4033.120 Thread 0x00000131c113c850 11527       4       java.util.HashMap::valuesToArray (81 bytes)
Event: 4033.425 Thread 0x00000131c113c850 nmethod 11527 0x00000131ed207508 code [0x00000131ed207620, 0x00000131ed207bf8]
Event: 4149.687 Thread 0x00000131c113c850 11528       4       java.util.concurrent.ThreadPoolExecutor$Worker::unlock (7 bytes)
Event: 4149.799 Thread 0x00000131c113c850 nmethod 11528 0x00000131ed207c08 code [0x00000131ed207d20, 0x00000131ed207e80]
Event: 4155.704 Thread 0x00000131c113c850 11529       4       java.util.concurrent.ThreadPoolExecutor$Worker::lock (6 bytes)
Event: 4155.763 Thread 0x00000131c113c850 nmethod 11529 0x00000131ed207f08 code [0x00000131ed208000, 0x00000131ed208180]
Event: 4155.763 Thread 0x00000131c113c850 11530       4       java.util.concurrent.ThreadPoolExecutor$Worker::tryAcquire (20 bytes)
Event: 4155.767 Thread 0x00000131c113c850 nmethod 11530 0x00000131ed208208 code [0x00000131ed208300, 0x00000131ed208480]
Event: 4162.833 Thread 0x00000131c113c850 11531   !   4       java.util.concurrent.ThreadPoolExecutor::getTask (177 bytes)
Event: 4164.523 Thread 0x00000131c113c850 nmethod 11531 0x00000131ed208508 code [0x00000131ed208920, 0x00000131ed20b938]
Event: 4180.771 Thread 0x00000131c113c850 11532       4       java.util.concurrent.ScheduledThreadPoolExecutor$DelayedWorkQueue::siftUp (64 bytes)
Event: 4181.367 Thread 0x00000131c113c850 nmethod 11532 0x00000131ed20bc08 code [0x00000131ed20bd60, 0x00000131ed20c308]
Event: 4187.669 Thread 0x00000131c113c850 11533       4       java.util.concurrent.ScheduledThreadPoolExecutor$DelayedWorkQueue::add (9 bytes)

GC Heap History (20 events):
Event: 16.449 GC heap before
{Heap before GC invocations=19 (full 0):
 garbage-first heap   total reserved 829440K, committed 64512K, used 55616K [0x00000000cd600000, 0x0000000100000000)
  region size 1024K, 26 young (26624K), 4 survivors (4096K)
 Metaspace       used 65142K, committed 65856K, reserved 1114112K
  class space    used 8990K, committed 9280K, reserved 1048576K
}
Event: 16.462 GC heap after
{Heap after GC invocations=20 (full 0):
 garbage-first heap   total reserved 829440K, committed 64512K, used 34773K [0x00000000cd600000, 0x0000000100000000)
  region size 1024K, 2 young (2048K), 2 survivors (2048K)
 Metaspace       used 65142K, committed 65856K, reserved 1114112K
  class space    used 8990K, committed 9280K, reserved 1048576K
}
Event: 17.125 GC heap before
{Heap before GC invocations=20 (full 0):
 garbage-first heap   total reserved 829440K, committed 64512K, used 58325K [0x00000000cd600000, 0x0000000100000000)
  region size 1024K, 25 young (25600K), 2 survivors (2048K)
 Metaspace       used 66878K, committed 67584K, reserved 1114112K
  class space    used 9228K, committed 9536K, reserved 1048576K
}
Event: 17.135 GC heap after
{Heap after GC invocations=21 (full 0):
 garbage-first heap   total reserved 829440K, committed 64512K, used 36462K [0x00000000cd600000, 0x0000000100000000)
  region size 1024K, 4 young (4096K), 4 survivors (4096K)
 Metaspace       used 66878K, committed 67584K, reserved 1114112K
  class space    used 9228K, committed 9536K, reserved 1048576K
}
Event: 17.950 GC heap before
{Heap before GC invocations=22 (full 0):
 garbage-first heap   total reserved 829440K, committed 64512K, used 55918K [0x00000000cd600000, 0x0000000100000000)
  region size 1024K, 23 young (23552K), 4 survivors (4096K)
 Metaspace       used 69092K, committed 69824K, reserved 1114112K
  class space    used 9715K, committed 10048K, reserved 1048576K
}
Event: 17.960 GC heap after
{Heap after GC invocations=23 (full 0):
 garbage-first heap   total reserved 829440K, committed 64512K, used 39319K [0x00000000cd600000, 0x0000000100000000)
  region size 1024K, 3 young (3072K), 3 survivors (3072K)
 Metaspace       used 69092K, committed 69824K, reserved 1114112K
  class space    used 9715K, committed 10048K, reserved 1048576K
}
Event: 18.125 GC heap before
{Heap before GC invocations=23 (full 0):
 garbage-first heap   total reserved 829440K, committed 64512K, used 56727K [0x00000000cd600000, 0x0000000100000000)
  region size 1024K, 20 young (20480K), 3 survivors (3072K)
 Metaspace       used 69104K, committed 69824K, reserved 1114112K
  class space    used 9715K, committed 10048K, reserved 1048576K
}
Event: 18.137 GC heap after
{Heap after GC invocations=24 (full 0):
 garbage-first heap   total reserved 829440K, committed 64512K, used 40925K [0x00000000cd600000, 0x0000000100000000)
  region size 1024K, 3 young (3072K), 3 survivors (3072K)
 Metaspace       used 69104K, committed 69824K, reserved 1114112K
  class space    used 9715K, committed 10048K, reserved 1048576K
}
Event: 18.375 GC heap before
{Heap before GC invocations=24 (full 0):
 garbage-first heap   total reserved 829440K, committed 64512K, used 56285K [0x00000000cd600000, 0x0000000100000000)
  region size 1024K, 19 young (19456K), 3 survivors (3072K)
 Metaspace       used 70471K, committed 71232K, reserved 1114112K
  class space    used 9895K, committed 10240K, reserved 1048576K
}
Event: 18.382 GC heap after
{Heap after GC invocations=25 (full 0):
 garbage-first heap   total reserved 829440K, committed 79872K, used 42427K [0x00000000cd600000, 0x0000000100000000)
  region size 1024K, 2 young (2048K), 2 survivors (2048K)
 Metaspace       used 70471K, committed 71232K, reserved 1114112K
  class space    used 9895K, committed 10240K, reserved 1048576K
}
Event: 19.711 GC heap before
{Heap before GC invocations=26 (full 0):
 garbage-first heap   total reserved 829440K, committed 79872K, used 68027K [0x00000000cd600000, 0x0000000100000000)
  region size 1024K, 27 young (27648K), 2 survivors (2048K)
 Metaspace       used 73173K, committed 73856K, reserved 1114112K
  class space    used 10308K, committed 10624K, reserved 1048576K
}
Event: 19.722 GC heap after
{Heap after GC invocations=27 (full 0):
 garbage-first heap   total reserved 829440K, committed 79872K, used 44680K [0x00000000cd600000, 0x0000000100000000)
  region size 1024K, 4 young (4096K), 4 survivors (4096K)
 Metaspace       used 73173K, committed 73856K, reserved 1114112K
  class space    used 10308K, committed 10624K, reserved 1048576K
}
Event: 20.370 GC heap before
{Heap before GC invocations=27 (full 0):
 garbage-first heap   total reserved 829440K, committed 79872K, used 69256K [0x00000000cd600000, 0x0000000100000000)
  region size 1024K, 28 young (28672K), 4 survivors (4096K)
 Metaspace       used 75044K, committed 75840K, reserved 1114112K
  class space    used 10601K, committed 10944K, reserved 1048576K
}
Event: 20.386 GC heap after
{Heap after GC invocations=28 (full 0):
 garbage-first heap   total reserved 829440K, committed 79872K, used 46228K [0x00000000cd600000, 0x0000000100000000)
  region size 1024K, 3 young (3072K), 3 survivors (3072K)
 Metaspace       used 75044K, committed 75840K, reserved 1114112K
  class space    used 10601K, committed 10944K, reserved 1048576K
}
Event: 165.187 GC heap before
{Heap before GC invocations=28 (full 0):
 garbage-first heap   total reserved 829440K, committed 79872K, used 68756K [0x00000000cd600000, 0x0000000100000000)
  region size 1024K, 26 young (26624K), 3 survivors (3072K)
 Metaspace       used 79061K, committed 79808K, reserved 1179648K
  class space    used 11064K, committed 11392K, reserved 1048576K
}
Event: 165.280 GC heap after
{Heap after GC invocations=29 (full 0):
 garbage-first heap   total reserved 829440K, committed 79872K, used 50623K [0x00000000cd600000, 0x0000000100000000)
  region size 1024K, 4 young (4096K), 4 survivors (4096K)
 Metaspace       used 79061K, committed 79808K, reserved 1179648K
  class space    used 11064K, committed 11392K, reserved 1048576K
}
Event: 167.403 GC heap before
{Heap before GC invocations=30 (full 0):
 garbage-first heap   total reserved 829440K, committed 86016K, used 69055K [0x00000000cd600000, 0x0000000100000000)
  region size 1024K, 23 young (23552K), 4 survivors (4096K)
 Metaspace       used 85296K, committed 86080K, reserved 1179648K
  class space    used 11878K, committed 12224K, reserved 1048576K
}
Event: 167.417 GC heap after
{Heap after GC invocations=31 (full 0):
 garbage-first heap   total reserved 829440K, committed 86016K, used 51191K [0x00000000cd600000, 0x0000000100000000)
  region size 1024K, 3 young (3072K), 3 survivors (3072K)
 Metaspace       used 85296K, committed 86080K, reserved 1179648K
  class space    used 11878K, committed 12224K, reserved 1048576K
}
Event: 1758.707 GC heap before
{Heap before GC invocations=31 (full 0):
 garbage-first heap   total reserved 829440K, committed 86016K, used 74743K [0x00000000cd600000, 0x0000000100000000)
  region size 1024K, 27 young (27648K), 3 survivors (3072K)
 Metaspace       used 90455K, committed 91328K, reserved 1179648K
  class space    used 12625K, committed 12992K, reserved 1048576K
}
Event: 1759.022 GC heap after
{Heap after GC invocations=32 (full 0):
 garbage-first heap   total reserved 829440K, committed 86016K, used 50071K [0x00000000cd600000, 0x0000000100000000)
  region size 1024K, 4 young (4096K), 4 survivors (4096K)
 Metaspace       used 90455K, committed 91328K, reserved 1179648K
  class space    used 12625K, committed 12992K, reserved 1048576K
}

Dll operation events (14 events):
Event: 0.056 Loaded shared library C:\Users\Lenovo\.jdks\openjdk-23.0.1\bin\java.dll
Event: 0.190 Loaded shared library C:\Users\Lenovo\.jdks\openjdk-23.0.1\bin\jsvml.dll
Event: 0.479 Loaded shared library C:\Users\Lenovo\.jdks\openjdk-23.0.1\bin\zip.dll
Event: 0.487 Loaded shared library C:\Users\Lenovo\.jdks\openjdk-23.0.1\bin\instrument.dll
Event: 0.497 Loaded shared library C:\Users\Lenovo\.jdks\openjdk-23.0.1\bin\net.dll
Event: 0.501 Loaded shared library C:\Users\Lenovo\.jdks\openjdk-23.0.1\bin\nio.dll
Event: 0.508 Loaded shared library C:\Users\Lenovo\.jdks\openjdk-23.0.1\bin\zip.dll
Event: 0.754 Loaded shared library C:\Program Files\JetBrains\IntelliJ IDEA Community Edition 2024.2.3\bin\breakgen64.dll
Event: 0.781 Loaded shared library C:\Users\Lenovo\.jdks\openjdk-23.0.1\bin\extnet.dll
Event: 0.845 Loaded shared library C:\Users\Lenovo\.jdks\openjdk-23.0.1\bin\jimage.dll
Event: 4.154 Loaded shared library C:\Users\Lenovo\.jdks\openjdk-23.0.1\bin\sunmscapi.dll
Event: 8.923 Loaded shared library C:\Users\Lenovo\.jdks\openjdk-23.0.1\bin\management.dll
Event: 8.929 Loaded shared library C:\Users\Lenovo\.jdks\openjdk-23.0.1\bin\management_ext.dll
Event: 10.269 Loaded shared library C:\Users\Lenovo\.jdks\openjdk-23.0.1\bin\verify.dll

Deoptimization events (20 events):
Event: 4181.688 Thread 0x00000131c8c8e4b0 Uncommon trap: trap_request=0xffffffd6 fr.pc=0x00000131ed20c1c4 relative=0x0000000000000464
Event: 4181.688 Thread 0x00000131c8c8e4b0 Uncommon trap: reason=array_check action=maybe_recompile pc=0x00000131ed20c1c4 method=java.util.concurrent.ScheduledThreadPoolExecutor$DelayedWorkQueue.siftUp(ILjava/util/concurrent/RunnableScheduledFuture;)V @ 39 c2
Event: 4181.688 Thread 0x00000131c8c8e4b0 DEOPT PACKING pc=0x00000131ed20c1c4 sp=0x0000000cf64fef10
Event: 4181.691 Thread 0x00000131c8c8e4b0 DEOPT UNPACKING pc=0x00000131ec834402 sp=0x0000000cf64feec8 mode 2
Event: 4182.665 Thread 0x00000131c8c8fef0 Uncommon trap: trap_request=0xffffffd6 fr.pc=0x00000131ed20c1c4 relative=0x0000000000000464
Event: 4182.666 Thread 0x00000131c8c8fef0 Uncommon trap: reason=array_check action=maybe_recompile pc=0x00000131ed20c1c4 method=java.util.concurrent.ScheduledThreadPoolExecutor$DelayedWorkQueue.siftUp(ILjava/util/concurrent/RunnableScheduledFuture;)V @ 39 c2
Event: 4182.666 Thread 0x00000131c8c8fef0 DEOPT PACKING pc=0x00000131ed20c1c4 sp=0x0000000cf5afecb0
Event: 4182.681 Thread 0x00000131c8c8fef0 DEOPT UNPACKING pc=0x00000131ec834402 sp=0x0000000cf5afec68 mode 2
Event: 4183.667 Thread 0x00000131c8c8fef0 Uncommon trap: trap_request=0xffffffd6 fr.pc=0x00000131ed20c1c4 relative=0x0000000000000464
Event: 4183.667 Thread 0x00000131c8c8fef0 Uncommon trap: reason=array_check action=maybe_recompile pc=0x00000131ed20c1c4 method=java.util.concurrent.ScheduledThreadPoolExecutor$DelayedWorkQueue.siftUp(ILjava/util/concurrent/RunnableScheduledFuture;)V @ 39 c2
Event: 4183.667 Thread 0x00000131c8c8fef0 DEOPT PACKING pc=0x00000131ed20c1c4 sp=0x0000000cf5afecb0
Event: 4183.668 Thread 0x00000131c8c8fef0 DEOPT UNPACKING pc=0x00000131ec834402 sp=0x0000000cf5afec68 mode 2
Event: 4183.871 Thread 0x00000131c8c8e4b0 Uncommon trap: trap_request=0xffffffd6 fr.pc=0x00000131ed20c0e8 relative=0x0000000000000388
Event: 4183.871 Thread 0x00000131c8c8e4b0 Uncommon trap: reason=array_check action=maybe_recompile pc=0x00000131ed20c0e8 method=java.util.concurrent.ScheduledThreadPoolExecutor$DelayedWorkQueue.siftUp(ILjava/util/concurrent/RunnableScheduledFuture;)V @ 57 c2
Event: 4183.874 Thread 0x00000131c8c8e4b0 DEOPT PACKING pc=0x00000131ed20c0e8 sp=0x0000000cf64fef10
Event: 4183.879 Thread 0x00000131c8c8e4b0 DEOPT UNPACKING pc=0x00000131ec834402 sp=0x0000000cf64feec8 mode 2
Event: 4184.667 Thread 0x00000131c8c8fef0 Uncommon trap: trap_request=0xffffffd6 fr.pc=0x00000131ed20c1c4 relative=0x0000000000000464
Event: 4184.667 Thread 0x00000131c8c8fef0 Uncommon trap: reason=array_check action=maybe_recompile pc=0x00000131ed20c1c4 method=java.util.concurrent.ScheduledThreadPoolExecutor$DelayedWorkQueue.siftUp(ILjava/util/concurrent/RunnableScheduledFuture;)V @ 39 c2
Event: 4184.667 Thread 0x00000131c8c8fef0 DEOPT PACKING pc=0x00000131ed20c1c4 sp=0x0000000cf5afecb0
Event: 4184.672 Thread 0x00000131c8c8fef0 DEOPT UNPACKING pc=0x00000131ec834402 sp=0x0000000cf5afec68 mode 2

Classes loaded (20 events):
Event: 240.474 Loading class sun/security/ssl/SSLEngineOutputRecord
Event: 240.475 Loading class sun/security/ssl/SSLEngineOutputRecord done
Event: 240.475 Loading class sun/security/ssl/SSLEngineOutputRecord$HandshakeFragment
Event: 240.475 Loading class sun/security/ssl/SSLEngineOutputRecord$HandshakeFragment done
Event: 240.476 Loading class sun/security/ssl/SSLEngineOutputRecord$HandshakeMemo
Event: 240.476 Loading class sun/security/ssl/SSLEngineOutputRecord$RecordMemo
Event: 240.476 Loading class sun/security/ssl/SSLEngineOutputRecord$RecordMemo done
Event: 240.476 Loading class sun/security/ssl/SSLEngineOutputRecord$HandshakeMemo done
Event: 240.553 Loading class sun/security/ssl/PreSharedKeyExtension$SHPreSharedKeySpec
Event: 240.553 Loading class sun/security/ssl/PreSharedKeyExtension$SHPreSharedKeySpec done
Event: 1694.141 Loading class javax/xml/namespace/NamespaceContext
Event: 1694.148 Loading class javax/xml/namespace/NamespaceContext done
Event: 1760.015 Loading class java/math/BigDecimal$StringBuilderHelper
Event: 1760.082 Loading class java/math/BigDecimal$StringBuilderHelper done
Event: 1779.324 Loading class javax/crypto/NoSuchPaddingException
Event: 1779.326 Loading class javax/crypto/NoSuchPaddingException done
Event: 1779.326 Loading class javax/crypto/IllegalBlockSizeException
Event: 1779.329 Loading class javax/crypto/IllegalBlockSizeException done
Event: 1779.329 Loading class javax/crypto/BadPaddingException
Event: 1779.331 Loading class javax/crypto/BadPaddingException done

Classes unloaded (0 events):
No events

Classes redefined (0 events):
No events

Internal exceptions (20 events):
Event: 16.529 Thread 0x00000131da8915a0 Exception <a 'java/lang/NoSuchMethodError'{0x00000000d14e3b88}: 'java.lang.Object java.lang.invoke.DirectMethodHandle$Holder.invokeInterface(java.lang.Object, java.lang.Object, int)'> (0x00000000d14e3b88) 
thrown [s\open\src\hotspot\share\interpreter\linkResolver.cpp, line 796]
Event: 18.672 Thread 0x00000131da8915a0 Exception <a 'sun/nio/fs/WindowsException'{0x00000000d22d59a8}> (0x00000000d22d59a8) 
thrown [s\open\src\hotspot\share\prims\jni.cpp, line 520]
Event: 18.856 Thread 0x00000131da8915a0 Exception <a 'java/lang/NoSuchMethodError'{0x00000000d1f2cc80}: 'java.lang.Object java.lang.invoke.DirectMethodHandle$Holder.newInvokeSpecial(java.lang.Object, java.lang.Object, java.lang.Object, java.lang.Object, java.lang.Object, java.lang.Object, java.lang.Object, java.lang.Object)'> (0x00000000d1f2cc80) 
thrown [s\open\src\hotspot\share\interpreter\linkResolver.cpp, line 796]
Event: 19.012 Thread 0x00000131da8915a0 Exception <a 'java/lang/NoSuchMethodError'{0x00000000d1c32768}: 'void java.lang.invoke.DirectMethodHandle$Holder.invokeStatic(java.lang.Object, java.lang.Object, int)'> (0x00000000d1c32768) 
thrown [s\open\src\hotspot\share\interpreter\linkResolver.cpp, line 796]
Event: 19.846 Thread 0x00000131da8915a0 Exception <a 'java/lang/IncompatibleClassChangeError'{0x00000000d1ee91f8}: Found class java.lang.Object, but interface was expected> (0x00000000d1ee91f8) 
thrown [s\open\src\hotspot\share\interpreter\linkResolver.cpp, line 863]
Event: 20.182 Thread 0x00000131da8915a0 Exception <a 'java/lang/NoSuchMethodError'{0x00000000d12bf1c8}: 'java.lang.Object java.lang.invoke.DirectMethodHandle$Holder.invokeInterface(java.lang.Object, java.lang.Object, java.lang.Object, java.lang.Object)'> (0x00000000d12bf1c8) 
thrown [s\open\src\hotspot\share\interpreter\linkResolver.cpp, line 796]
Event: 20.278 Thread 0x00000131da8915a0 Exception <a 'java/lang/NoSuchMethodError'{0x00000000d0fa00d8}: 'void java.lang.invoke.DirectMethodHandle$Holder.invokeVirtual(java.lang.Object, java.lang.Object, long)'> (0x00000000d0fa00d8) 
thrown [s\open\src\hotspot\share\interpreter\linkResolver.cpp, line 796]
Event: 20.421 Thread 0x00000131da8915a0 Exception <a 'java/lang/NoSuchMethodError'{0x00000000d22146c8}: 'int java.lang.invoke.DirectMethodHandle$Holder.invokeStaticInit(java.lang.Object, java.lang.Object, java.lang.Object, java.lang.Object)'> (0x00000000d22146c8) 
thrown [s\open\src\hotspot\share\interpreter\linkResolver.cpp, line 796]
Event: 20.460 Thread 0x00000131da8915a0 Exception <a 'java/lang/IncompatibleClassChangeError'{0x00000000d219ac48}: Found class java.lang.Object, but interface was expected> (0x00000000d219ac48) 
thrown [s\open\src\hotspot\share\interpreter\linkResolver.cpp, line 863]
Event: 20.612 Thread 0x00000131da8915a0 Exception <a 'java/lang/NoSuchMethodError'{0x00000000d1a35190}: 'java.lang.Object java.lang.invoke.DirectMethodHandle$Holder.newInvokeSpecial(java.lang.Object, java.lang.Object, int, java.lang.Object, java.lang.Object)'> (0x00000000d1a35190) 
thrown [s\open\src\hotspot\share\interpreter\linkResolver.cpp, line 796]
Event: 122.892 Thread 0x00000131ca0b1da0 Exception <a 'java/lang/NoSuchMethodError'{0x00000000d16305b8}: 'java.lang.Object java.lang.invoke.DirectMethodHandle$Holder.invokeSpecial(java.lang.Object, java.lang.Object, java.lang.Object, java.lang.Object, java.lang.Object, long)'> (0x00000000d16305b8) 
thrown [s\open\src\hotspot\share\interpreter\linkResolver.cpp, line 796]
Event: 122.895 Thread 0x00000131ca0b1da0 Exception <a 'java/lang/NoSuchMethodError'{0x00000000d1633d48}: 'java.lang.Object java.lang.invoke.Invokers$Holder.linkToTargetMethod(java.lang.Object, java.lang.Object, java.lang.Object, long, java.lang.Object)'> (0x00000000d1633d48) 
thrown [s\open\src\hotspot\share\interpreter\linkResolver.cpp, line 796]
Event: 125.226 Thread 0x00000131ca0b1da0 Exception <a 'java/lang/NoSuchMethodError'{0x00000000d15c6c40}: 'java.lang.Object java.lang.invoke.DirectMethodHandle$Holder.invokeStatic(java.lang.Object, int, int)'> (0x00000000d15c6c40) 
thrown [s\open\src\hotspot\share\interpreter\linkResolver.cpp, line 796]
Event: 167.603 Thread 0x00000131ca0b1080 Exception <a 'java/lang/NoSuchMethodError'{0x00000000d2750b38}: 'void java.lang.invoke.DirectMethodHandle$Holder.invokeSpecialIFC(java.lang.Object, java.lang.Object, int, java.lang.Object, java.lang.Object, java.lang.Object, java.lang.Object)'> (0x00000000d2750b38) 
thrown [s\open\src\hotspot\share\interpreter\linkResolver.cpp, line 796]
Event: 1758.027 Thread 0x00000131c7bdb8d0 Exception <a 'java/lang/NoSuchMethodError'{0x00000000d10a5ef8}: 'java.lang.Object java.lang.invoke.DirectMethodHandle$Holder.invokeInterface(java.lang.Object, java.lang.Object, java.lang.Object, java.lang.Object, java.lang.Object)'> (0x00000000d10a5ef8) 
thrown [s\open\src\hotspot\share\interpreter\linkResolver.cpp, line 796]
Event: 1759.132 Thread 0x00000131c7bdb8d0 Exception <a 'java/lang/IncompatibleClassChangeError'{0x00000000d2739328}: Found class java.lang.Object, but interface was expected> (0x00000000d2739328) 
thrown [s\open\src\hotspot\share\interpreter\linkResolver.cpp, line 863]
Event: 1759.455 Thread 0x00000131c7bdb8d0 Exception <a 'java/lang/IncompatibleClassChangeError'{0x00000000d27ede68}: Found class java.lang.Object, but interface was expected> (0x00000000d27ede68) 
thrown [s\open\src\hotspot\share\interpreter\linkResolver.cpp, line 863]
Event: 3453.729 Thread 0x00000131ca0b3150 Exception <a 'java/io/IOException'{0x00000000d22e7e80}> (0x00000000d22e7e80) 
thrown [s\open\src\hotspot\share\prims\jni.cpp, line 520]
Event: 3682.018 Thread 0x00000131ca0b1080 Exception <a 'java/io/IOException'{0x00000000d1f849e0}> (0x00000000d1f849e0) 
thrown [s\open\src\hotspot\share\prims\jni.cpp, line 520]
Event: 3805.657 Thread 0x00000131ca0b2430 Exception <a 'java/io/IOException'{0x00000000d1e5f6b8}> (0x00000000d1e5f6b8) 
thrown [s\open\src\hotspot\share\prims\jni.cpp, line 520]

VM Operations (20 events):
Event: 3547.414 Executing VM operation: HandshakeAllThreads (HandshakeForDeflation)
Event: 3547.423 Executing VM operation: HandshakeAllThreads (HandshakeForDeflation) done
Event: 3547.423 Executing VM operation: RendezvousGCThreads
Event: 3547.423 Executing VM operation: RendezvousGCThreads done
Event: 3727.797 Executing VM operation: HandshakeAllThreads (HandshakeForDeflation)
Event: 3727.808 Executing VM operation: HandshakeAllThreads (HandshakeForDeflation) done
Event: 3727.808 Executing VM operation: RendezvousGCThreads
Event: 3727.809 Executing VM operation: RendezvousGCThreads done
Event: 3848.192 Executing VM operation: HandshakeAllThreads (HandshakeForDeflation)
Event: 3848.210 Executing VM operation: HandshakeAllThreads (HandshakeForDeflation) done
Event: 3848.210 Executing VM operation: RendezvousGCThreads
Event: 3848.210 Executing VM operation: RendezvousGCThreads done
Event: 3968.380 Executing VM operation: HandshakeAllThreads (HandshakeForDeflation)
Event: 3968.393 Executing VM operation: HandshakeAllThreads (HandshakeForDeflation) done
Event: 3968.393 Executing VM operation: RendezvousGCThreads
Event: 3968.393 Executing VM operation: RendezvousGCThreads done
Event: 4028.497 Executing VM operation: HandshakeAllThreads (HandshakeForDeflation)
Event: 4028.525 Executing VM operation: HandshakeAllThreads (HandshakeForDeflation) done
Event: 4028.525 Executing VM operation: RendezvousGCThreads
Event: 4028.525 Executing VM operation: RendezvousGCThreads done

Memory protections (0 events):
No events

Nmethod flushes (20 events):
Event: 165.578 Thread 0x00000131dcc36e30 flushing  nmethod 0x00000131e576ff88
Event: 165.578 Thread 0x00000131dcc36e30 flushing  nmethod 0x00000131e586a088
Event: 165.578 Thread 0x00000131dcc36e30 flushing  nmethod 0x00000131e5985808
Event: 165.578 Thread 0x00000131dcc36e30 flushing  nmethod 0x00000131e59be408
Event: 165.578 Thread 0x00000131dcc36e30 flushing  nmethod 0x00000131e59eeb08
Event: 165.578 Thread 0x00000131dcc36e30 flushing  nmethod 0x00000131e59f1388
Event: 165.578 Thread 0x00000131dcc36e30 flushing  nmethod 0x00000131e5a04008
Event: 165.578 Thread 0x00000131dcc36e30 flushing  nmethod 0x00000131e5a64f88
Event: 165.578 Thread 0x00000131dcc36e30 flushing  nmethod 0x00000131e5adfe88
Event: 165.578 Thread 0x00000131dcc36e30 flushing  nmethod 0x00000131e5ae0408
Event: 165.578 Thread 0x00000131dcc36e30 flushing  nmethod 0x00000131e5ae3a88
Event: 165.578 Thread 0x00000131dcc36e30 flushing  nmethod 0x00000131e5af8c88
Event: 165.578 Thread 0x00000131dcc36e30 flushing  nmethod 0x00000131e5affa08
Event: 165.578 Thread 0x00000131dcc36e30 flushing  nmethod 0x00000131e5b68d88
Event: 165.578 Thread 0x00000131dcc36e30 flushing  nmethod 0x00000131e5b69408
Event: 165.578 Thread 0x00000131dcc36e30 flushing  nmethod 0x00000131e5b74988
Event: 165.578 Thread 0x00000131dcc36e30 flushing  nmethod 0x00000131e5b77b08
Event: 165.578 Thread 0x00000131dcc36e30 flushing  nmethod 0x00000131e5ce7588
Event: 165.578 Thread 0x00000131dcc36e30 flushing  nmethod 0x00000131e5cfc688
Event: 165.578 Thread 0x00000131dcc36e30 flushing  nmethod 0x00000131e5d2a088

Events (20 events):
Event: 3558.608 Thread 0x00000131c7b83370 Thread added: 0x00000131c7bdabb0
Event: 3558.613 Thread 0x00000131c7bdabb0 Thread added: 0x00000131c7bd7730
Event: 3568.258 Thread 0x00000131c7bdabb0 Thread exited: 0x00000131c7bdabb0
Event: 3568.309 Thread 0x00000131c7bd7730 Thread exited: 0x00000131c7bd7730
Event: 3572.442 Thread 0x00000131c7b83370 Thread added: 0x00000131c7bde030
Event: 3572.460 Thread 0x00000131c7bde030 Thread added: 0x00000131c7bdd310
Event: 3577.772 Thread 0x00000131c7bde030 Thread exited: 0x00000131c7bde030
Event: 3577.818 Thread 0x00000131c7bdd310 Thread exited: 0x00000131c7bdd310
Event: 3577.819 Thread 0x00000131c7b83370 Thread added: 0x00000131c7bda520
Event: 3577.821 Thread 0x00000131c7bda520 Thread added: 0x00000131c7bdcc80
Event: 3585.637 Thread 0x00000131c7bda520 Thread exited: 0x00000131c7bda520
Event: 3585.684 Thread 0x00000131c7bdcc80 Thread exited: 0x00000131c7bdcc80
Event: 3593.222 Thread 0x00000131c7b83370 Thread added: 0x00000131c7bd7730
Event: 3593.225 Thread 0x00000131c7bd7730 Thread added: 0x00000131c7bdcc80
Event: 3598.254 Thread 0x00000131c7bd7730 Thread exited: 0x00000131c7bd7730
Event: 3598.286 Thread 0x00000131c7bdcc80 Thread exited: 0x00000131c7bdcc80
Event: 3603.433 Thread 0x00000131c7b83370 Thread added: 0x00000131c7bda520
Event: 3603.439 Thread 0x00000131c7bda520 Thread added: 0x00000131c7bde030
Event: 3608.451 Thread 0x00000131c7bda520 Thread exited: 0x00000131c7bda520
Event: 3608.501 Thread 0x00000131c7bde030 Thread exited: 0x00000131c7bde030


Dynamic libraries:
0x00007ff7903a0000 - 0x00007ff7903ae000 	C:\Users\Lenovo\.jdks\openjdk-23.0.1\bin\java.exe
0x00007ff979450000 - 0x00007ff979648000 	C:\WINDOWS\SYSTEM32\ntdll.dll
0x00007ff978780000 - 0x00007ff978842000 	C:\WINDOWS\System32\KERNEL32.DLL
0x00007ff976b70000 - 0x00007ff976e66000 	C:\WINDOWS\System32\KERNELBASE.dll
0x00007ff977290000 - 0x00007ff977390000 	C:\WINDOWS\System32\ucrtbase.dll
0x00007ff973db0000 - 0x00007ff973dcb000 	C:\Users\Lenovo\.jdks\openjdk-23.0.1\bin\VCRUNTIME140.dll
0x00007ff972ff0000 - 0x00007ff973007000 	C:\Users\Lenovo\.jdks\openjdk-23.0.1\bin\jli.dll
0x00007ff977eb0000 - 0x00007ff97804d000 	C:\WINDOWS\System32\USER32.dll
0x00007ff977440000 - 0x00007ff977462000 	C:\WINDOWS\System32\win32u.dll
0x00007ff96a7e0000 - 0x00007ff96aa7a000 	C:\WINDOWS\WinSxS\amd64_microsoft.windows.common-controls_6595b64144ccf1df_6.0.19041.5915_none_60b4b9d171f9c7c7\COMCTL32.dll
0x00007ff978990000 - 0x00007ff978a2e000 	C:\WINDOWS\System32\msvcrt.dll
0x00007ff978a30000 - 0x00007ff978a5b000 	C:\WINDOWS\System32\GDI32.dll
0x00007ff977170000 - 0x00007ff977289000 	C:\WINDOWS\System32\gdi32full.dll
0x00007ff976f20000 - 0x00007ff976fbd000 	C:\WINDOWS\System32\msvcp_win.dll
0x00007ff978750000 - 0x00007ff97877f000 	C:\WINDOWS\System32\IMM32.DLL
0x00007ff972f40000 - 0x00007ff972f4c000 	C:\Users\Lenovo\.jdks\openjdk-23.0.1\bin\vcruntime140_1.dll
0x00007ff96f930000 - 0x00007ff96f9be000 	C:\Users\Lenovo\.jdks\openjdk-23.0.1\bin\msvcp140.dll
0x00007ff944840000 - 0x00007ff94558f000 	C:\Users\Lenovo\.jdks\openjdk-23.0.1\bin\server\jvm.dll
0x00007ff9781a0000 - 0x00007ff978251000 	C:\WINDOWS\System32\ADVAPI32.dll
0x00007ff9786b0000 - 0x00007ff97874f000 	C:\WINDOWS\System32\sechost.dll
0x00007ff978850000 - 0x00007ff978973000 	C:\WINDOWS\System32\RPCRT4.dll
0x00007ff976e70000 - 0x00007ff976e97000 	C:\WINDOWS\System32\bcrypt.dll
0x00007ff9775c0000 - 0x00007ff97762b000 	C:\WINDOWS\System32\WS2_32.dll
0x00007ff976940000 - 0x00007ff97698b000 	C:\WINDOWS\SYSTEM32\POWRPROF.dll
0x00007ff9594f0000 - 0x00007ff959517000 	C:\WINDOWS\SYSTEM32\WINMM.dll
0x00007ff96b980000 - 0x00007ff96b98a000 	C:\WINDOWS\SYSTEM32\VERSION.dll
0x00007ff976920000 - 0x00007ff976932000 	C:\WINDOWS\SYSTEM32\UMPDC.dll
0x00007ff974960000 - 0x00007ff974972000 	C:\WINDOWS\SYSTEM32\kernel.appcore.dll
0x00007ff972f20000 - 0x00007ff972f2a000 	C:\Users\Lenovo\.jdks\openjdk-23.0.1\bin\jimage.dll
0x00007ff9702c0000 - 0x00007ff9704c1000 	C:\WINDOWS\SYSTEM32\DBGHELP.DLL
0x00007ff96fdf0000 - 0x00007ff96fe24000 	C:\WINDOWS\SYSTEM32\dbgcore.DLL
0x00007ff976ae0000 - 0x00007ff976b62000 	C:\WINDOWS\System32\bcryptPrimitives.dll
0x00007ff972f10000 - 0x00007ff972f1f000 	C:\Users\Lenovo\.jdks\openjdk-23.0.1\bin\instrument.dll
0x00007ff970f10000 - 0x00007ff970f2e000 	C:\Users\Lenovo\.jdks\openjdk-23.0.1\bin\java.dll
0x00007ff979140000 - 0x00007ff97926b000 	C:\WINDOWS\System32\ole32.dll
0x00007ff9782f0000 - 0x00007ff978643000 	C:\WINDOWS\System32\combase.dll
0x00007ff977630000 - 0x00007ff977d9e000 	C:\WINDOWS\System32\SHELL32.dll
0x00007ff974b60000 - 0x00007ff975304000 	C:\WINDOWS\SYSTEM32\windows.storage.dll
0x00007ff976440000 - 0x00007ff97646b000 	C:\WINDOWS\SYSTEM32\Wldp.dll
0x00007ff9780d0000 - 0x00007ff97819d000 	C:\WINDOWS\System32\OLEAUT32.dll
0x00007ff977e00000 - 0x00007ff977ead000 	C:\WINDOWS\System32\SHCORE.dll
0x00007ff978650000 - 0x00007ff9786ab000 	C:\WINDOWS\System32\shlwapi.dll
0x00007ff976a10000 - 0x00007ff976a35000 	C:\WINDOWS\SYSTEM32\profapi.dll
0x00007ff946110000 - 0x00007ff9461e7000 	C:\Users\Lenovo\.jdks\openjdk-23.0.1\bin\jsvml.dll
0x00007ff96f8f0000 - 0x00007ff96f907000 	C:\Users\Lenovo\.jdks\openjdk-23.0.1\bin\zip.dll
0x00007ff972ee0000 - 0x00007ff972ef0000 	C:\Users\Lenovo\.jdks\openjdk-23.0.1\bin\net.dll
0x00007ff9761a0000 - 0x00007ff97620a000 	C:\WINDOWS\system32\mswsock.dll
0x00007ff970ef0000 - 0x00007ff970f06000 	C:\Users\Lenovo\.jdks\openjdk-23.0.1\bin\nio.dll
0x00007ff96f8d0000 - 0x00007ff96f8ea000 	C:\Program Files\JetBrains\IntelliJ IDEA Community Edition 2024.2.3\bin\breakgen64.dll
0x00007ff970e10000 - 0x00007ff970e19000 	C:\Users\Lenovo\.jdks\openjdk-23.0.1\bin\extnet.dll
0x00007ff96f8b0000 - 0x00007ff96f8be000 	C:\Users\Lenovo\.jdks\openjdk-23.0.1\bin\sunmscapi.dll
0x00007ff977010000 - 0x00007ff97716d000 	C:\WINDOWS\System32\CRYPT32.dll
0x00007ff9764b0000 - 0x00007ff9764d7000 	C:\WINDOWS\SYSTEM32\ncrypt.dll
0x00007ff976470000 - 0x00007ff9764ab000 	C:\WINDOWS\SYSTEM32\NTASN1.dll
0x00007ff9763a0000 - 0x00007ff9763b8000 	C:\WINDOWS\SYSTEM32\CRYPTSP.dll
0x00007ff975ac0000 - 0x00007ff975af8000 	C:\WINDOWS\system32\rsaenh.dll
0x00007ff976990000 - 0x00007ff9769be000 	C:\WINDOWS\SYSTEM32\USERENV.dll
0x00007ff976390000 - 0x00007ff97639c000 	C:\WINDOWS\SYSTEM32\CRYPTBASE.dll
0x00007ff975e80000 - 0x00007ff975ebb000 	C:\WINDOWS\SYSTEM32\IPHLPAPI.DLL
0x00007ff979400000 - 0x00007ff979408000 	C:\WINDOWS\System32\NSI.dll
0x00007ff970900000 - 0x00007ff97090a000 	C:\Users\Lenovo\.jdks\openjdk-23.0.1\bin\management.dll
0x00007ff96f8c0000 - 0x00007ff96f8cb000 	C:\Users\Lenovo\.jdks\openjdk-23.0.1\bin\management_ext.dll
0x00007ff978980000 - 0x00007ff978988000 	C:\WINDOWS\System32\PSAPI.DLL
0x00007ff96f850000 - 0x00007ff96f860000 	C:\Users\Lenovo\.jdks\openjdk-23.0.1\bin\verify.dll
0x00007ff970640000 - 0x00007ff970647000 	C:\WINDOWS\system32\wshunix.dll
0x00007ff975ec0000 - 0x00007ff975f8a000 	C:\WINDOWS\SYSTEM32\DNSAPI.dll
0x00007ff96d0f0000 - 0x00007ff96d0fa000 	C:\Windows\System32\rasadhlp.dll
0x00007ff96cef0000 - 0x00007ff96cf70000 	C:\WINDOWS\System32\fwpuclnt.dll

dbghelp: loaded successfully - version: 4.0.5 - missing functions: none
symbol engine: initialized successfully - sym options: 0x614 - pdb path: .;C:\Users\Lenovo\.jdks\openjdk-23.0.1\bin;C:\WINDOWS\SYSTEM32;C:\WINDOWS\WinSxS\amd64_microsoft.windows.common-controls_6595b64144ccf1df_6.0.19041.5915_none_60b4b9d171f9c7c7;C:\Users\Lenovo\.jdks\openjdk-23.0.1\bin\server;C:\Program Files\JetBrains\IntelliJ IDEA Community Edition 2024.2.3\bin

VM Arguments:
jvm_args: --enable-preview -javaagent:C:\Program Files\JetBrains\IntelliJ IDEA Community Edition 2024.2.3\lib\idea_rt.jar=62162:C:\Program Files\JetBrains\IntelliJ IDEA Community Edition 2024.2.3\bin -Dfile.encoding=UTF-8 -Dsun.stdout.encoding=UTF-8 -Dsun.stderr.encoding=UTF-8 
java_command: com.example.demo.ManartApplication
java_class_path (initial): F:\USB\Manart\backend\project-manart-backend\target\classes;C:\Users\Lenovo\.m2\repository\org\springframework\boot\spring-boot-starter-data-jpa\3.3.4\spring-boot-starter-data-jpa-3.3.4.jar;C:\Users\Lenovo\.m2\repository\org\springframework\boot\spring-boot-starter-aop\3.3.4\spring-boot-starter-aop-3.3.4.jar;C:\Users\Lenovo\.m2\repository\org\aspectj\aspectjweaver\1.9.22.1\aspectjweaver-1.9.22.1.jar;C:\Users\Lenovo\.m2\repository\org\springframework\boot\spring-boot-starter-jdbc\3.3.4\spring-boot-starter-jdbc-3.3.4.jar;C:\Users\Lenovo\.m2\repository\com\zaxxer\HikariCP\5.1.0\HikariCP-5.1.0.jar;C:\Users\Lenovo\.m2\repository\org\springframework\spring-jdbc\6.1.13\spring-jdbc-6.1.13.jar;C:\Users\Lenovo\.m2\repository\org\hibernate\orm\hibernate-core\6.5.3.Final\hibernate-core-6.5.3.Final.jar;C:\Users\Lenovo\.m2\repository\jakarta\persistence\jakarta.persistence-api\3.1.0\jakarta.persistence-api-3.1.0.jar;C:\Users\Lenovo\.m2\repository\jakarta\transaction\jakarta.transaction-api\2.0.1\jakarta.transaction-api-2.0.1.jar;C:\Users\Lenovo\.m2\repository\org\hibernate\common\hibernate-commons-annotations\6.0.6.Final\hibernate-commons-annotations-6.0.6.Final.jar;C:\Users\Lenovo\.m2\repository\io\smallrye\jandex\3.1.2\jandex-3.1.2.jar;C:\Users\Lenovo\.m2\repository\net\bytebuddy\byte-buddy\1.14.19\byte-buddy-1.14.19.jar;C:\Users\Lenovo\.m2\repository\org\glassfish\jaxb\jaxb-runtime\4.0.5\jaxb-runtime-4.0.5.jar;C:\Users\Lenovo\.m2\repository\org\glassfish\jaxb\jaxb-core\4.0.5\jaxb-core-4.0.5.jar;C:\Users\Lenovo\.m2\repository\org\eclipse\angus\angus-activation\2.0.2\angus-activation-2.0.2.jar;C:\Users\Lenovo\.m2\repository\org\glassfish\jaxb\txw2\4.0.5\txw2-4.0.5.jar;C:\Users\Lenovo\.m2\repository\com\sun\istack\istack-commons-runtime\4.1.2\istack-commons-runtime-4.1.2.jar;C:\Users\Lenovo\.m2\repository\jakarta\inject\jakarta.inject-api\2.0.1\jakarta.inject-api-2.0.1.jar;C:\Users\Lenovo\.m2\repository\org\antlr\antlr4-runtime\4.13.0\antlr4-runtime-4.13.0.jar;C:\Users\Lenovo\.m2\repository\org\springframework\data\spring-data-jpa\3.3.4\spring-data-jpa-3.3.4.jar;C:\Users\Lenovo\.m2\repository\org\springframework\data\spring-data-commons\3.3.4\spring-data-commons-3.3.4.jar;C:\Users\Lenovo\.m2\repository\org\springframework\spring-orm\6.1.13\spring-orm-6.1.13.jar;C:\Users\Lenovo\.m2\repository\org\springframework\spring-context\6.1.13\spring-context-6.1.13.jar;C:\Users\Lenovo\.m2\repository\org\springframework\spring-tx\6.1.13\spring-tx-6.1.13.jar;C:\Users\Lenovo\.m2\repository\org\springframework\spring-beans\6.1.13\spring-beans-6.1.13.jar;C:\Users\Lenovo\.m2\repository\jakarta\annotation\jakarta.annotation-api\2.1.1\jakarta.annotation-api-2.1.1.jar;C:\Users\Lenovo\.m2\repository\org\slf4j\slf4j-api\2.0.16\slf4j-api-2.0.16.jar;C:\Users\Lenovo\.m2\repository\org\springframework\spring-aspects\6.1.13\spring-aspects-6.1.13.jar;C:\Users\Lenovo\.m2\repository\org\springframework\boot\spring-boot-starter-security\3.3.4\spring-boot-starter-security-3.3.4.jar;C:\Users\Lenovo\.m2\repository\org\springframework\boot\spring-boot-starter\3.3.4\spring-boot-starter-3.3.4.jar;C:\Users\Lenovo\.m2\repository\org\springframework\boot\spring-boot\3.3.4\spring-boot-3.3.4.jar;C:\Users\Lenovo\.m2\repository\org\springframework\boot\spring-boot-autoconfigure\3.3.4\spring-boot-autoconfigure-3.3.4.jar;C:\Users\Lenovo\.m2\repository\org\springframework\boot\spring-boot-starter-logging\3.3.4\spring-boot-starter-logging-3.3.4.jar;C:\Users\Lenovo\.m2\repository\ch\qos\logback\logback-classic\1.5.8\logback-classic-1.5.8.jar;C:\Users\Lenovo\.m2\repository\ch\qos\logback\logback-core\1.5.8\logback-core-1.5.8.jar;C:\Users\Lenovo\.m2\repository\org\apache\logging\log4j\log4j-to-slf4j\2.23.1\log4j-to-slf4j-2.23.1.jar;C:\Users\Lenovo\.m2\repository\org\slf4j\jul-to-slf4j\2.0.16\jul-to-slf4j-2.0.16.jar;C:\Users\Lenovo\.m2\repository\org\yaml\snakeyaml\2.2\snakeyaml-2.2.jar;C:\Users\Lenovo\.m2\repository\org\springframework\spring-aop\6.1.13\spring-aop-6.1.13.jar;C:\Users\Lenovo\.m2\repository\org\springframework\security\spring-security-config\6.3.3\spring-security-config-6.3.3.jar;C:\Users\Lenovo\.m2\repository\org\springframework\security\spring-security-web\6.3.3\spring-security-web-6.3.3.jar;C:\Users\Lenovo\.m2\repository\org\springframework\spring-expression\6.1.13\spring-expression-6.1.13.jar;C:\Users\Lenovo\.m2\repository\org\springframework\boot\spring-boot-starter-web\3.3.4\spring-boot-starter-web-3.3.4.jar;C:\Users\Lenovo\.m2\repository\org\springframework\boot\spring-boot-starter-json\3.3.4\spring-boot-starter-json-3.3.4.jar;C:\Users\Lenovo\.m2\repository\com\fasterxml\jackson\datatype\jackson-datatype-jdk8\2.17.2\jackson-datatype-jdk8-2.17.2.jar;C:\Users\Lenovo\.m2\repository\com\fasterxml\jackson\datatype\jackson-datatype-jsr310\2.17.2\jackson-datatype-jsr310-2.17.2.jar;C:\Users\Lenovo\.m2\repository\com\fasterxml\jackson\module\jackson-module-parameter-names\2.17.2\jackson-module-parameter-names-2.17.2.jar;C:\Users\Lenovo\.m2\repository\org\springframework\boot\spring-boot-starter-tomcat\3.3.4\spring-boot-starter-tomcat-3.3.4.jar;C:\Users\Lenovo\.m2\repository\org\apache\tomcat\embed\tomcat-embed-core\10.1.30\tomcat-embed-core-10.1.30.jar;C:\Users\Lenovo\.m2\repository\org\apache\tomcat\embed\tomcat-embed-el\10.1.30\tomcat-embed-el-10.1.30.jar;C:\Users\Lenovo\.m2\repository\org\apache\tomcat\embed\tomcat-embed-websocket\10.1.30\tomcat-embed-websocket-10.1.30.jar;C:\Users\Lenovo\.m2\repository\org\springframework\spring-web\6.1.13\spring-web-6.1.13.jar;C:\Users\Lenovo\.m2\repository\io\micrometer\micrometer-observation\1.13.4\micrometer-observation-1.13.4.jar;C:\Users\Lenovo\.m2\repository\io\micrometer\micrometer-commons\1.13.4\micrometer-commons-1.13.4.jar;C:\Users\Lenovo\.m2\repository\org\springframework\spring-webmvc\6.1.13\spring-webmvc-6.1.13.jar;C:\Users\Lenovo\.m2\repository\jakarta\xml\bind\jakarta.xml.bind-api\4.0.2\jakarta.xml.bind-api-4.0.2.jar;C:\Users\Lenovo\.m2\repository\jakarta\activation\jakarta.activation-api\2.1.3\jakarta.activation-api-2.1.3.jar;C:\Users\Lenovo\.m2\repository\net\minidev\json-smart\2.5.1\json-smart-2.5.1.jar;C:\Users\Lenovo\.m2\repository\net\minidev\accessors-smart\2.5.1\accessors-smart-2.5.1.jar;C:\Users\Lenovo\.m2\repository\org\ow2\asm\asm\9.6\asm-9.6.jar;C:\Users\Lenovo\.m2\repository\org\springframework\spring-core\6.1.13\spring-core-6.1.13.jar;C:\Users\Lenovo\.m2\repository\org\springframework\spring-jcl\6.1.13\spring-jcl-6.1.13.jar;C:\Users\Lenovo\.m2\repository\org\springframework\security\spring-security-core\6.3.3\spring-security-core-6.3.3.jar;C:\Users\Lenovo\.m2\repository\org\springframework\security\spring-security-crypto\6.3.3\spring-security-crypto-6.3.3.jar;C:\Users\Lenovo\.m2\repository\com\mysql\mysql-connector-j\8.3.0\mysql-connector-j-8.3.0.jar;C:\Users\Lenovo\.m2\repository\io\jsonwebtoken\jjwt-api\0.12.3\jjwt-api-0.12.3.jar;C:\Users\Lenovo\.m2\repository\io\jsonwebtoken\jjwt-impl\0.12.3\jjwt-impl-0.12.3.jar;C:\Users\Lenovo\.m2\repository\io\jsonwebtoken\jjwt-jackson\0.12.3\jjwt-jackson-0.12.3.jar;C:\Users\Lenovo\.m2\repository\com\fasterxml\jackson\core\jackson-databind\2.17.2\jackson-databind-2.17.2.jar;C:\Users\Lenovo\.m2\repository\org\hibernate\validator\hibernate-validator\8.0.1.Final\hibernate-validator-8.0.1.Final.jar;C:\Users\Lenovo\.m2\repository\jakarta\validation\jakarta.validation-api\3.0.2\jakarta.validation-api-3.0.2.jar;C:\Users\Lenovo\.m2\repository\org\jboss\logging\jboss-logging\3.5.3.Final\jboss-logging-3.5.3.Final.jar;C:\Users\Lenovo\.m2\repository\com\fasterxml\classmate\1.7.0\classmate-1.7.0.jar;C:\Users\Lenovo\.m2\repository\org\springframework\boot\spring-boot-starter-oauth2-client\3.3.4\spring-boot-starter-oauth2-client-3.3.4.jar;C:\Users\Lenovo\.m2\repository\org\springframework\security\spring-security-oauth2-client\6.3.3\spring-security-oauth2-client-6.3.3.jar;C:\Users\Lenovo\.m2\repository\org\springframework\security\spring-security-oauth2-core\6.3.3\spring-security-oauth2-core-6.3.3.jar;C:\Users\Lenovo\.m2\repository\com\nimbusds\oauth2-oidc-sdk\9.43.4\oauth2-oidc-sdk-9.43.4.jar;C:\Users\Lenovo\.m2\repository\com\github\stephenc\jcip\jcip-annotations\1.0-1\jcip-annotations-1.0-1.jar;C:\Users\Lenovo\.m2\repository\com\nimbusds\content-type\2.2\content-type-2.2.jar;C:\Users\Lenovo\.m2\repository\com\nimbusds\lang-tag\1.7\lang-tag-1.7.jar;C:\Users\Lenovo\.m2\repository\org\springframework\security\spring-security-oauth2-jose\6.3.3\spring-security-oauth2-jose-6.3.3.jar;C:\Users\Lenovo\.m2\repository\com\nimbusds\nimbus-jose-jwt\9.37.3\nimbus-jose-jwt-9.37.3.jar;C:\Users\Lenovo\.m2\repository\net\sf\jasperreports\jasperreports\7.0.3\jasperreports-7.0.3.jar;C:\Users\Lenovo\.m2\repository\commons-logging\commons-logging\1.3.0\commons-logging-1.3.0.jar;C:\Users\Lenovo\.m2\repository\org\apache\commons\commons-collections4\4.4\commons-collections4-4.4.jar;C:\Users\Lenovo\.m2\repository\com\fasterxml\jackson\core\jackson-core\2.17.2\jackson-core-2.17.2.jar;C:\Users\Lenovo\.m2\repository\com\fasterxml\jackson\core\jackson-annotations\2.17.2\jackson-annotations-2.17.2.jar;C:\Users\Lenovo\.m2\repository\com\fasterxml\jackson\dataformat\jackson-dataformat-xml\2.17.2\jackson-dataformat-xml-2.17.2.jar;C:\Users\Lenovo\.m2\repository\org\codehaus\woodstox\stax2-api\4.2.2\stax2-api-4.2.2.jar;C:\Users\Lenovo\.m2\repository\com\fasterxml\woodstox\woodstox-core\6.7.0\woodstox-core-6.7.0.jar;C:\Users\Lenovo\.m2\repository\org\apache\xmlgraphics\batik-anim\1.18\batik-anim-1.18.jar;C:\Users\Lenovo\.m2\repository\org\apache\xmlgraphics\batik-ext\1.18\batik-ext-1.18.jar;C:\Users\Lenovo\.m2\repository\org\apache\xmlgraphics\batik-parser\1.18\batik-parser-1.18.jar;C:\Users\Lenovo\.m2\repository\org\apache\xmlgraphics\batik-shared-resources\1.18\batik-shared-resources-1.18.jar;C:\Users\Lenovo\.m2\repository\org\apache\xmlgraphics\batik-bridge\1.18\batik-bridge-1.18.jar;C:\Users\Lenovo\.m2\repository\org\apache\xmlgraphics\batik-script\1.18\batik-script-1.18.jar;C:\Users\Lenovo\.m2\repository\org\apache\xmlgraphics\batik-xml\1.18\batik-xml-1.18.jar;C:\Users\Lenovo\.m2\repository\org\apache\xmlgraphics\xmlgraphics-commons\2.10\xmlgraphics-commons-2.10.jar;C:\Users\Lenovo\.m2\repository\org\apache\xmlgraphics\batik-dom\1.18\batik-dom-1.18.jar;C:\Users\Lenovo\.m2\repository\org\apache\xmlgraphics\batik-svg-dom\1.18\batik-svg-dom-1.18.jar;C:\Users\Lenovo\.m2\repository\org\apache\xmlgraphics\batik-awt-util\1.18\batik-awt-util-1.18.jar;C:\Users\Lenovo\.m2\repository\org\apache\xmlgraphics\batik-gvt\1.18\batik-gvt-1.18.jar;C:\Users\Lenovo\.m2\repository\org\apache\xmlgraphics\batik-util\1.18\batik-util-1.18.jar;C:\Users\Lenovo\.m2\repository\org\apache\xmlgraphics\batik-i18n\1.18\batik-i18n-1.18.jar;C:\Users\Lenovo\.m2\repository\org\apache\xmlgraphics\batik-constants\1.18\batik-constants-1.18.jar;C:\Users\Lenovo\.m2\repository\org\apache\xmlgraphics\batik-css\1.18\batik-css-1.18.jar;C:\Users\Lenovo\.m2\repository\xml-apis\xml-apis-ext\1.3.04\xml-apis-ext-1.3.04.jar;C:\Users\Lenovo\.m2\repository\commons-beanutils\commons-beanutils\1.9.4\commons-beanutils-1.9.4.jar;C:\Users\Lenovo\.m2\repository\commons-collections\commons-collections\3.2.2\commons-collections-3.2.2.jar;C:\Users\Lenovo\.m2\repository\net\sf\jasperreports\jasperreports-pdf\7.0.3\jasperreports-pdf-7.0.3.jar;C:\Users\Lenovo\.m2\repository\com\github\librepdf\openpdf\1.3.32\openpdf-1.3.32.jar;C:\Users\Lenovo\.m2\repository\com\adobe\xmp\xmpcore\6.1.11\xmpcore-6.1.11.jar;C:\Users\Lenovo\.m2\repository\com\lowagie\itext\2.1.7\itext-2.1.7.jar;C:\Users\Lenovo\.m2\repository\bouncycastle\bcmail-jdk14\138\bcmail-jdk14-138.jar;C:\Users\Lenovo\.m2\repository\bouncycastle\bcprov-jdk14\138\bcprov-jdk14-138.jar;C:\Users\Lenovo\.m2\repository\org\bouncycastle\bctsp-jdk14\1.38\bctsp-jdk14-1.38.jar;C:\Users\Lenovo\.m2\repository\org\bouncycastle\bcprov-jdk14\1.38\bcprov-jdk14-1.38.jar;C:\Users\Lenovo\.m2\repository\org\bouncycastle\bcmail-jdk14\1.38\bcmail-jdk14-1.38.jar;C:\Users\Lenovo\.m2\repository\org\apache\poi\poi\5.2.3\poi-5.2.3.jar;C:\Users\Lenovo\.m2\repository\commons-codec\commons-codec\1.16.1\commons-codec-1.16.1.jar;C:\Users\Lenovo\.m2\repository\org\apache\commons\commons-math3\3.6.1\commons-math3-3.6.1.jar;C:\Users\Lenovo\.m2\repository\commons-io\commons-io\2.11.0\commons-io-2.11.0.jar;C:\Users\Lenovo\.m2\repository\com\zaxxer\SparseBitSet\1.2\SparseBitSet-1.2.jar;C:\Users\Lenovo\.m2\repository\org\apache\logging\log4j\log4j-api\2.23.1\log4j-api-2.23.1.jar
Launcher Type: SUN_STANDARD

[Global flags]
     intx CICompilerCount                          = 3                                         {product} {ergonomic}
     uint ConcGCThreads                            = 1                                         {product} {ergonomic}
     uint G1ConcRefinementThreads                  = 4                                         {product} {ergonomic}
   size_t G1HeapRegionSize                         = 1048576                                   {product} {ergonomic}
   size_t InitialHeapSize                          = 54525952                                  {product} {ergonomic}
   size_t MarkStackSize                            = 4194304                                   {product} {ergonomic}
   size_t MarkStackSizeMax                         = 536870912                                 {product} {ergonomic}
   size_t MaxHeapSize                              = 849346560                                 {product} {ergonomic}
   size_t MaxNewSize                               = 509607936                                 {product} {ergonomic}
   size_t MinHeapDeltaBytes                        = 1048576                                   {product} {ergonomic}
   size_t MinHeapSize                              = 8388608                                   {product} {ergonomic}
    uintx NonNMethodCodeHeapSize                   = 5832704                                {pd product} {ergonomic}
    uintx NonProfiledCodeHeapSize                  = 122945536                              {pd product} {ergonomic}
    uintx ProfiledCodeHeapSize                     = 122880000                              {pd product} {ergonomic}
    uintx ReservedCodeCacheSize                    = 251658240                              {pd product} {ergonomic}
     bool SegmentedCodeCache                       = true                                      {product} {ergonomic}
   size_t SoftMaxHeapSize                          = 849346560                              {manageable} {ergonomic}
     bool UseCompressedOops                        = true                           {product lp64_product} {ergonomic}
     bool UseG1GC                                  = true                                      {product} {ergonomic}
     bool UseLargePagesIndividualAllocation        = false                                  {pd product} {ergonomic}

Logging:
Log output configuration:
 #0: stdout all=warning uptime,level,tags foldmultilines=false
 #1: stderr all=off uptime,level,tags foldmultilines=false

Environment Variables:
PATH=C:\Program Files\Common Files\Oracle\Java\javapath;C:\WINDOWS\system32;C:\WINDOWS;C:\WINDOWS\System32\Wbem;C:\WINDOWS\System32\WindowsPowerShell\v1.0\;C:\WINDOWS\System32\OpenSSH\;C:\xampp\php;C:\Program Files\Git\cmd;C:\Program Files\nodejs\;=C:\Program Files\MariaDB 11.7\;C:\Users\Lenovo\AppData\Local\Programs\Python\Python313\Scripts\;C:\Users\Lenovo\AppData\Local\Programs\Python\Python313\;C:\Users\Lenovo\AppData\Local\Microsoft\WindowsApps;C:\Users\Lenovo\AppData\Local\Programs\Microsoft VS Code\bin;C:\Users\Lenovo\AppData\Roaming\npm
USERNAME=Lenovo
OS=Windows_NT
PROCESSOR_IDENTIFIER=Intel64 Family 6 Model 58 Stepping 9, GenuineIntel
TMP=C:\Users\Lenovo\AppData\Local\Temp
TEMP=C:\Users\Lenovo\AppData\Local\Temp




Periodic native trim disabled

---------------  S Y S T E M  ---------------

OS:
 Windows 10 , 64 bit Build 19041 (10.0.19041.5915)
OS uptime: 3 days 7:47 hours

CPU: total 4 (initial active 4) (2 cores per cpu, 2 threads per core) family 6 model 58 stepping 9 microcode 0x21, cx8, cmov, fxsr, ht, mmx, sse, sse2, sse3, ssse3, sse4.1, sse4.2, popcnt, tsc, tscinvbit, avx, erms, clmul, vzeroupper, clflush, rdtscp, f16c
Processor Information for the first 4 processors :
  Max Mhz: 2400, Current Mhz: 2400, Mhz Limit: 2400

Memory: 4k page, system-wide physical 3238M (264M free)
TotalPageFile size 12966M (AvailPageFile size 5M)
current process WorkingSet (physical memory assigned to process): 19M, peak: 308M
current process commit charge ("private bytes"): 328M, peak: 347M

vm_info: OpenJDK 64-Bit Server VM (23.0.1+11-39) for windows-amd64 JRE (23.0.1+11-39), built on 2024-09-30T07:20:43Z with MS VC++ 17.6 (VS2022)

END.
